// Jest Snapshot v1, https://goo.gl/fbAQLP

exports[`renders correctly 1`] = `
<div
  className="fixedDataTableCellLayout_main public_fixedDataTableCell_main"
  style={
    Object {
      "height": undefined,
      "left": undefined,
      "width": undefined,
    }
  }
>
  <FixedDataTableCellDefault
    columnKey={undefined}
    height={undefined}
    width={undefined}
  />
</div>
`;
