// Jest Snapshot v1, https://goo.gl/fbAQLP

exports[`renders correctly 1`] = `
<div
  className="fixedDataTableRowLayout_rowWrapper"
  style={
    Object {
      "height": 100,
      "left": "0px",
      "top": "40px",
      "width": 220,
      "zIndex": 0,
    }
  }
>
  <FixedDataTableRowImpl
    fixedColumns={Array []}
    height={100}
    index={0}
    offsetTop={undefined}
    scrollLeft={30}
    scrollableColumns={Array []}
    visible={true}
    width={220}
    zIndex={undefined}
  />
</div>
`;
